Microchip MPLAB XC8 Compiler V1.45 ()

Linker command line:

-W-3 --edf=/opt/microchip/xc8/v1.45/dat/en_msgs.txt -cs \
  -h+dist/default/debug/pjct.debug.sym \
  --cmf=dist/default/debug/pjct.debug.cmf -z -Q18F27K40 -o/tmp/xcXamOt5F \
  -Mdist/default/debug/pjct.debug.map -E1 -ver=XC8 -ASTACK=07Eh-0e87h \
  -pstack=STACK -ACODE=00h-01FFFFh -ACONST=00h-01FFFFh \
  -ASMALLCONST=0F00h-0FFFhx497 -AMEDIUMCONST=0F00h-0FFFFh,010F00h-01FFFFh \
  -ACOMRAM=01h-05Fh -AABS1=00h-0E87h -ABIGRAM=01h-0E87h \
  -ARAM=060h-0FFh,0100h-01FFhx13,0E00h-0E87h -ABANK0=060h-0FFh \
  -ABANK1=0100h-01FFh -ABANK2=0200h-02FFh -ABANK3=0300h-03FFh \
  -ABANK4=0400h-04FFh -ABANK5=0500h-05FFh -ABANK6=0600h-06FFh \
  -ABANK7=0700h-07FFh -ABANK8=0800h-08FFh -ABANK9=0900h-09FFh \
  -ABANK10=0A00h-0AFFh -ABANK11=0B00h-0BFFh -ABANK12=0C00h-0CFFh \
  -ABANK13=0D00h-0DFFh -ABANK14=0E00h-0E87h \
  -ASFR=0E8Dh-0EFFh,0F00h-0F5Fh,0F60h-0FFFh \
  -preset_vec=00h,intcode,intcodelo=018h,powerup,init -pramtop=0F00h \
  -psmallconst=SMALLCONST -pmediumconst=MEDIUMCONST -pconst=CONST \
  -AFARRAM=00h-00h -ACONFIG=0300000h-030000Bh -pconfig=CONFIG \
  -AIDLOC=0200000h-020000Fh -pidloc=IDLOC -AEEDATA=0310000h-03103FFh \
  -peeprom_data=EEDATA \
  -prdata=COMRAM,nvrram=COMRAM,nvbit=COMRAM,rbss=COMRAM,rbit=COMRAM \
  -pfarbss=FARRAM,fardata=FARRAM,nvFARRAM=FARRAM \
  -pintsave_regs=BIGRAM,bigbss=BIGRAM,bigdata=BIGRAM -pbss=RAM \
  -pidata=CODE,irdata=CODE,ibigdata=CODE,ifardata=CODE -prparam=COMRAM \
  /tmp/xcX6fZsaZ.obj dist/default/debug/pjct.debug.obj \
  ../../../../bsp/lib/bsplib_asm.lib 

Object code version is 3.11

Machine type is 18F27K40

Call graph: (short form)




                Name                               Link     Load   Length Selector   Space Scale
/tmp/xcX6fZsaZ.obj
                init                                 CE       CE        4        C       0
                reset_vec                             0        0        4        0       0
                idloc                            200000   200000       10   200000       0
                config                           300000   300000        C   300000       0
dist/default/debug/pjct.debug.obj
                intcodelo                            18       18       B6        C       0
                temp                                 48       48        1        1       1
                smallconst                          F00      F00       44      780       0
                text16                             1222     1222       46      7A2       0
                text15                             11D8     11D8       4A      7A2       0
                text13                             1268     1268       2E      7A2       0
                text12                             136A     136A        A      7A2       0
                text11                             1382     1382        4      7A2       0
                text10                             137E     137E        4      7A2       0
                text9                              137A     137A        4      7A2       0
                text8                              1374     1374        6      7A2       0
                text7                              1156     1156       82      7A2       0
                text6                              10B4     10B4       A2      7A2       0
                text5                              135E     135E        C      7A2       0
                text4                              12EA     12EA       2A      7A2       0
                text3                              100E     100E       A6      7A2       0
                text2                              1350     1350        E      7A2       0
                text1                              12C0     12C0       2A      7A2       0
                text0                               F44      F44       CA      7A2       0
                cstackCOMRAM                          1        1       30        1       1
                cstackBANK0                          7B       7B        2       60       1
                bssBANK0                             60       60       17       60       1
                bssCOMRAM                            31       31       17        1       1
                cinit                              1296     1296       2A      7A2       0

../../../../bsp/lib/bsplib_asm.lib
delay_200ms.obj text                               1334     1334       1C      7A2       0
                bss_delay                            77       77        4       60       1
switch_init.obj text                               1314     1314       20      7A2       0
                bss_sw                               7D       7D        1       60       1

TOTAL           Name                               Link     Load   Length     Space
        CLASS   STACK          

        CLASS   CODE           
                intcodelo                            18       18       B6         0
                init                                 CE       CE        4         0
                reset_vec                             0        0        4         0
                text16                             1222     1222       46         0
                text15                             11D8     11D8       4A         0
                text13                             1268     1268       2E         0
                text12                             136A     136A        A         0
                text11                             1382     1382        4         0
                text10                             137E     137E        4         0
                text9                              137A     137A        4         0
                text8                              1374     1374        6         0
                text7                              1156     1156       82         0
                text6                              10B4     10B4       A2         0
                text5                              135E     135E        C         0
                text4                              12EA     12EA       2A         0
                text3                              100E     100E       A6         0
                text2                              1350     1350        E         0
                text1                              12C0     12C0       2A         0
                text0                               F44      F44       CA         0
                cinit                              1296     1296       2A         0
                text                               1334     1334       1C         0
                text                               1314     1314       20         0

        CLASS   CONST          

        CLASS   SMALLCONST     
                smallconst                          F00      F00       44         0

        CLASS   MEDIUMCONST    

        CLASS   COMRAM         
                temp                                 48       48        1         1
                cstackCOMRAM                          1        1       30         1
                bssCOMRAM                            31       31       17         1

        CLASS   ABS1           

        CLASS   BIGRAM         

        CLASS   RAM            

        CLASS   BANK0          
                cstackBANK0                          7B       7B        2         1
                bssBANK0                             60       60       17         1
                bss_delay                            77       77        4         1
                bss_sw                               7D       7D        1         1

        CLASS   BANK1          

        CLASS   BANK2          

        CLASS   BANK3          

        CLASS   BANK4          

        CLASS   BANK5          

        CLASS   BANK6          

        CLASS   BANK7          

        CLASS   BANK8          

        CLASS   BANK9          

        CLASS   BANK10         

        CLASS   BANK11         

        CLASS   BANK12         

        CLASS   BANK13         

        CLASS   BANK14         

        CLASS   SFR            

        CLASS   FARRAM         

        CLASS   CONFIG         
                config                           300000   300000        C         0

        CLASS   IDLOC          
                idloc                            200000   200000       10         0

        CLASS   EEDATA         



SEGMENTS        Name                           Load    Length   Top    Selector   Space  Class

                reset_vec                      000000  000004  000004         0       0  CODE    
                cstackCOMRAM                   000001  000048  000049         1       1  COMRAM  
                intcodelo                      000018  0000BA  0000D2         C       0  CODE    
                bssBANK0                       000060  00001E  00007E        60       1  BANK0   
                smallconst                     000F00  000044  000F44       780       0  SMALLCON
                text0                          000F44  000442  001386       7A2       0  CODE    
                idloc                          200000  000010  200010    200000       0  IDLOC   
                config                         300000  00000C  30000C    300000       0  CONFIG  


UNUSED ADDRESS RANGES

        Name                Unused          Largest block    Delta
        BANK0            00007E-0000FF               82
        BANK1            000100-0001FF              100
        BANK10           000A00-000AFF              100
        BANK11           000B00-000BFF              100
        BANK12           000C00-000CFF              100
        BANK13           000D00-000DFF              100
        BANK14           000E00-000E87               88
        BANK2            000200-0002FF              100
        BANK3            000300-0003FF              100
        BANK4            000400-0004FF              100
        BANK5            000500-0005FF              100
        BANK6            000600-0006FF              100
        BANK7            000700-0007FF              100
        BANK8            000800-0008FF              100
        BANK9            000900-0009FF              100
        BIGRAM           000049-00005F               17
                         00007E-000E87              E0A
        CODE             000004-000017               14
                         0000D2-000EFF              E2E
                         001386-01FFFF            1EC7A
        COMRAM           000049-00005F               17
        CONST            000004-000017               14
                         0000D2-000EFF              E2E
                         001386-01FFFF            1EC7A
        EEDATA           310000-3103FF              400
        MEDIUMCONST      001386-00FFFF             EC7A
                         010F00-01FFFF             F100
        RAM              00007E-000E87              100
        SFR              000E8D-000FFF               73
        SMALLCONST       001386-01FFFF              100
        STACK            00007E-000E87              E0A

                                  Symbol Table

?___lldiv                   cstackCOMRAM 000017
_ADACQ                      (abs)        000F5C
_ADCAP                      (abs)        000F5D
_ADCON0                     (abs)        000F60
_ADCON0bits                 (abs)        000F60
_ADCON1                     (abs)        000F59
_ADCON2                     (abs)        000F5A
_ADCON3                     (abs)        000F5B
_ADPCH                      (abs)        000F5F
_ADPRE                      (abs)        000F5E
_ADREF                      (abs)        000F58
_ADRESH                     (abs)        000F64
_ANSELAbits                 (abs)        000F11
_ANSELCbits                 (abs)        000F21
_BAUDCON1bits               (abs)        000F9F
_BAUDCON2bits               (abs)        000E9F
_INTCONbits                 (abs)        000FF2
_IPR3bits                   (abs)        000EBD
_LATA                       (abs)        000F83
_LATAbits                   (abs)        000F83
_PIE3bits                   (abs)        000EC5
_PIR3bits                   (abs)        000ECD
_PORTBbits                  (abs)        000F8E
_PORTCbits                  (abs)        000F8F
_RC1PPS                     (abs)        000EF8
_RC1REG                     (abs)        000F99
_RC2REG                     (abs)        000E99
_RC6PPS                     (abs)        000EFD
_RCSTA1bits                 (abs)        000F9D
_RCSTA2bits                 (abs)        000E9D
_RX1PPS                     (abs)        000EB5
_RX2PPS                     (abs)        000E8D
_SP1BRG                     (abs)        000F9B
_SP1BRGH                    (abs)        000F9C
_SP2BRG                     (abs)        000E9B
_SP2BRGH                    (abs)        000E9C
_TRISA                      (abs)        000F88
_TRISAbits                  (abs)        000F88
_TX1REG                     (abs)        000F9A
_TX2REG                     (abs)        000E9A
_TXSTA1bits                 (abs)        000F9E
_TXSTA2bits                 (abs)        000E9E
__CFG_BOREN$SBORDIS         (abs)        000000
__CFG_BORV$VBOR_2P45        (abs)        000000
__CFG_CLKOUTEN$OFF          (abs)        000000
__CFG_CP$OFF                (abs)        000000
__CFG_CPD$OFF               (abs)        000000
__CFG_CSWEN$ON              (abs)        000000
__CFG_DEBUG$OFF             (abs)        000000
__CFG_EBTR0$OFF             (abs)        000000
__CFG_EBTR1$OFF             (abs)        000000
__CFG_EBTR2$OFF             (abs)        000000
__CFG_EBTR3$OFF             (abs)        000000
__CFG_EBTR4$OFF             (abs)        000000
__CFG_EBTR5$OFF             (abs)        000000
__CFG_EBTR6$OFF             (abs)        000000
__CFG_EBTR7$OFF             (abs)        000000
__CFG_EBTRB$OFF             (abs)        000000
__CFG_FCMEN$ON              (abs)        000000
__CFG_FEXTOSC$OFF           (abs)        000000
__CFG_LPBOREN$OFF           (abs)        000000
__CFG_LVP$ON                (abs)        000000
__CFG_MCLRE$EXTMCLR         (abs)        000000
__CFG_PPS1WAY$OFF           (abs)        000000
__CFG_PWRTE$OFF             (abs)        000000
__CFG_RSTOSC$HFINTOSC_64MHZ (abs)        000000
__CFG_SCANE$ON              (abs)        000000
__CFG_STVREN$ON             (abs)        000000
__CFG_WDTCCS$HFINTOSC       (abs)        000000
__CFG_WDTCPS$WDTCPS_12      (abs)        000000
__CFG_WDTCWS$WDTCWS_7       (abs)        000000
__CFG_WDTE$SWDTEN           (abs)        000000
__CFG_WRT0$OFF              (abs)        000000
__CFG_WRT1$OFF              (abs)        000000
__CFG_WRT2$OFF              (abs)        000000
__CFG_WRT3$OFF              (abs)        000000
__CFG_WRT4$OFF              (abs)        000000
__CFG_WRT5$OFF              (abs)        000000
__CFG_WRT6$OFF              (abs)        000000
__CFG_WRT7$OFF              (abs)        000000
__CFG_WRTB$OFF              (abs)        000000
__CFG_WRTC$OFF              (abs)        000000
__CFG_WRTD$OFF              (abs)        000000
__CFG_XINST$OFF             (abs)        000000
__CFG_ZCD$OFF               (abs)        000000
__HRAM                      (abs)        000000
__Habs1                     abs1         000000
__Hbank0                    bank0        000000
__Hbank1                    bank1        000000
__Hbank10                   bank10       000000
__Hbank11                   bank11       000000
__Hbank12                   bank12       000000
__Hbank13                   bank13       000000
__Hbank14                   bank14       000000
__Hbank2                    bank2        000000
__Hbank3                    bank3        000000
__Hbank4                    bank4        000000
__Hbank5                    bank5        000000
__Hbank6                    bank6        000000
__Hbank7                    bank7        000000
__Hbank8                    bank8        000000
__Hbank9                    bank9        000000
__Hbigbss                   bigbss       000000
__Hbigdata                  bigdata      000000
__Hbigram                   bigram       000000
__Hbss                      bss          000000
__HbssBANK0                 bssBANK0     000000
__HbssCOMRAM                bssCOMRAM    000000
__Hbss_delay                bss_delay    000000
__Hbss_sw                   bss_sw       000000
__Hcinit                    cinit        000000
__Hclrtext                  clrtext      000000
__Hcomram                   comram       000000
__Hconfig                   config       30000C
__Hconst                    const        000000
__HcstackBANK0              cstackBANK0  000000
__HcstackCOMRAM             cstackCOMRAM 000000
__Hdata                     data         000000
__Heeprom_data              eeprom_data  000000
__Hfarbss                   farbss       000000
__Hfardata                  fardata      000000
__Hibigdata                 ibigdata     000000
__Hidata                    idata        000000
__Hidloc                    idloc        200010
__Hifardata                 ifardata     000000
__Hinit                     init         0000D2
__Hintcode                  intcode      000004
__Hintcode_body             intcode_body 000000
__Hintcodelo                intcodelo    0000CE
__Hintentry                 intentry     000000
__Hintret                   intret       000000
__Hintsave_regs             intsave_regs 000000
__Hirdata                   irdata       000000
__Hmediumconst              mediumconst  000000
__HnvFARRAM                 nvFARRAM     000000
__Hnvbit                    nvbit        000000
__Hnvrram                   nvrram       000000
__Hparam                    rparam       000000
__Hpowerup                  powerup      0000CE
__Hram                      ram          000000
__Hramtop                   ramtop       000F00
__Hrbit                     rbit         000000
__Hrbss                     rbss         000000
__Hrdata                    rdata        000000
__Hreset_vec                reset_vec    000004
__Hrparam                   rparam       000000
__Hsfr                      sfr          000000
__Hsmallconst               smallconst   000F44
__Hspace_0                  (abs)        30000C
__Hspace_1                  (abs)        00007E
__Hspace_2                  (abs)        000000
__Hstack                    stack        000000
__Hstruct                   struct       000000
__Htemp                     temp         000049
__Htext                     text         000000
__Htext0                    text0        000000
__Htext1                    text1        000000
__Htext10                   text10       000000
__Htext11                   text11       000000
__Htext12                   text12       000000
__Htext13                   text13       000000
__Htext15                   text15       000000
__Htext16                   text16       000000
__Htext2                    text2        000000
__Htext3                    text3        000000
__Htext4                    text4        000000
__Htext5                    text5        000000
__Htext6                    text6        000000
__Htext7                    text7        000000
__Htext8                    text8        000000
__Htext9                    text9        000000
__LRAM                      (abs)        000001
__Labs1                     abs1         000000
__Lbank0                    bank0        000000
__Lbank1                    bank1        000000
__Lbank10                   bank10       000000
__Lbank11                   bank11       000000
__Lbank12                   bank12       000000
__Lbank13                   bank13       000000
__Lbank14                   bank14       000000
__Lbank2                    bank2        000000
__Lbank3                    bank3        000000
__Lbank4                    bank4        000000
__Lbank5                    bank5        000000
__Lbank6                    bank6        000000
__Lbank7                    bank7        000000
__Lbank8                    bank8        000000
__Lbank9                    bank9        000000
__Lbigbss                   bigbss       000000
__Lbigdata                  bigdata      000000
__Lbigram                   bigram       000000
__Lbss                      bss          000000
__LbssBANK0                 bssBANK0     000000
__LbssCOMRAM                bssCOMRAM    000000
__Lbss_delay                bss_delay    000000
__Lbss_sw                   bss_sw       000000
__Lcinit                    cinit        000000
__Lclrtext                  clrtext      000000
__Lcomram                   comram       000000
__Lconfig                   config       300000
__Lconst                    const        000000
__LcstackBANK0              cstackBANK0  000000
__LcstackCOMRAM             cstackCOMRAM 000000
__Ldata                     data         000000
__Leeprom_data              eeprom_data  000000
__Lfarbss                   farbss       000000
__Lfardata                  fardata      000000
__Libigdata                 ibigdata     000000
__Lidata                    idata        000000
__Lidloc                    idloc        200000
__Lifardata                 ifardata     000000
__Linit                     init         0000CE
__Lintcode                  intcode      000004
__Lintcode_body             intcode_body 000000
__Lintcodelo                intcodelo    000018
__Lintentry                 intentry     000000
__Lintret                   intret       000000
__Lintsave_regs             intsave_regs 000000
__Lirdata                   irdata       000000
__Lmediumconst              mediumconst  000000
__LnvFARRAM                 nvFARRAM     000000
__Lnvbit                    nvbit        000000
__Lnvrram                   nvrram       000000
__Lparam                    rparam       000000
__Lpowerup                  powerup      0000CE
__Lram                      ram          000000
__Lramtop                   ramtop       000F00
__Lrbit                     rbit         000000
__Lrbss                     rbss         000000
__Lrdata                    rdata        000000
__Lreset_vec                reset_vec    000000
__Lrparam                   rparam       000000
__Lsfr                      sfr          000000
__Lsmallconst               smallconst   000F00
__Lspace_0                  (abs)        000000
__Lspace_1                  (abs)        000000
__Lspace_2                  (abs)        000000
__Lstack                    stack        000000
__Lstruct                   struct       000000
__Ltemp                     temp         000048
__Ltext                     text         000000
__Ltext0                    text0        000000
__Ltext1                    text1        000000
__Ltext10                   text10       000000
__Ltext11                   text11       000000
__Ltext12                   text12       000000
__Ltext13                   text13       000000
__Ltext15                   text15       000000
__Ltext16                   text16       000000
__Ltext2                    text2        000000
__Ltext3                    text3        000000
__Ltext4                    text4        000000
__Ltext5                    text5        000000
__Ltext6                    text6        000000
__Ltext7                    text7        000000
__Ltext8                    text8        000000
__Ltext9                    text9        000000
__S0                        (abs)        30000C
__S1                        (abs)        00007E
__S2                        (abs)        000000
___inthi_sp                 stack        000000
___intlo_sp                 stack        000000
___lldiv                    text7        001156
___lldiv@counter            cstackCOMRAM 000023
___lldiv@dividend           cstackCOMRAM 000017
___lldiv@divisor            cstackCOMRAM 00001B
___lldiv@quotient           cstackCOMRAM 00001F
___param_bank               (abs)        000000
___rparam_used              (abs)        000001
___sp                       stack        000000
__accesstop                 (abs)        000060
__activetblptr              (abs)        000001
__end_of___lldiv            text7        0011D8
__end_of__initialization    cinit        0012AE
__end_of_adc_init           text13       001296
__end_of_adc_read           text12       001374
__end_of_isr_low            intcodelo    0000CE
__end_of_led2_init          text11       001386
__end_of_led3_init          text10       001382
__end_of_led4_init          text9        00137E
__end_of_led5_init          text8        00137A
__end_of_main               text0        00100E
__end_of_uart1_init         text6        001156
__end_of_uart1_isr_process  text16       001268
__end_of_uart1_putc         text5        00136A
__end_of_uart1_puts         text4        001314
__end_of_uart2_init         text3        0010B4
__end_of_uart2_isr_process  text15       001222
__end_of_uart2_putc         text2        00135E
__end_of_uart2_puts         text1        0012EA
__initialization            cinit        001296
__mediumconst               mediumconst  000000
__pbssBANK0                 bssBANK0     000060
__pbssCOMRAM                bssCOMRAM    000031
__pcinit                    cinit        001296
__pcstackBANK0              cstackBANK0  00007B
__pcstackCOMRAM             cstackCOMRAM 000001
__pintcodelo                intcodelo    000018
__psmallconst               smallconst   000F00
__ptext0                    text0        000F44
__ptext1                    text1        0012C0
__ptext10                   text10       00137E
__ptext11                   text11       001382
__ptext12                   text12       00136A
__ptext13                   text13       001268
__ptext15                   text15       0011D8
__ptext16                   text16       001222
__ptext2                    text2        001350
__ptext3                    text3        00100E
__ptext4                    text4        0012EA
__ptext5                    text5        00135E
__ptext6                    text6        0010B4
__ptext7                    text7        001156
__ptext8                    text8        001374
__ptext9                    text9        00137A
__ramtop                    ramtop       000F00
__size_of___lldiv           (abs)        000000
__size_of_adc_init          (abs)        000000
__size_of_adc_read          (abs)        000000
__size_of_isr_low           (abs)        000000
__size_of_led2_init         (abs)        000000
__size_of_led3_init         (abs)        000000
__size_of_led4_init         (abs)        000000
__size_of_led5_init         (abs)        000000
__size_of_main              (abs)        000000
__size_of_uart1_init        (abs)        000000
__size_of_uart1_isr_process (abs)        000000
__size_of_uart1_putc        (abs)        000000
__size_of_uart1_puts        (abs)        000000
__size_of_uart2_init        (abs)        000000
__size_of_uart2_isr_process (abs)        000000
__size_of_uart2_putc        (abs)        000000
__size_of_uart2_puts        (abs)        000000
__smallconst                smallconst   000F00
_adc_init                   text13       001268
_adc_read                   text12       00136A
_delay_200ms                text         001334
_isr_low                    intcodelo    000018
_led2_init                  text11       001382
_led3_init                  text10       00137E
_led4_init                  text9        00137A
_led5_init                  text8        001374
_main                       text0        000F44
_switch1_init               text         001314
_switch2_init               text         001324
_uart1_init                 text6        0010B4
_uart1_isr_process          text16       001222
_uart1_putc                 text5        00135E
_uart1_puts                 text4        0012EA
_uart1_rx                   bssCOMRAM    000031
_uart2_init                 text3        00100E
_uart2_isr_process          text15       0011D8
_uart2_putc                 text2        001350
_uart2_puts                 text1        0012C0
_uart2_rx                   bssBANK0     000060
btemp                       temp         000048
end_of_initialization       cinit        0012AE
int$flags                   temp         000048
intlevel0                   text         000000
intlevel1                   text         000000
intlevel2                   text         000000
intlevel3                   text         000000
main@conv_data              cstackBANK0  00007B
main@i                      cstackBANK0  00007C
stackhi                     (abs)        000E87
stacklo                     (abs)        00007E
start                       init         0000CE
start_initialization        cinit        001296
uart1_init@bdrate           cstackCOMRAM 000024
uart1_init@bdrate_calcul    cstackCOMRAM 00002D
uart1_init@flush            cstackCOMRAM 00002C
uart1_isr_process@lost      cstackCOMRAM 000001
uart1_putc@payload          cstackCOMRAM 000017
uart1_puts@str              cstackCOMRAM 000018
uart2_init@bdrate           cstackCOMRAM 000024
uart2_init@bdrate_calcul    cstackCOMRAM 00002D
uart2_init@flush            cstackCOMRAM 00002C
uart2_isr_process@lost      cstackCOMRAM 000001
uart2_putc@payload          cstackCOMRAM 000017
uart2_puts@str              cstackCOMRAM 000018
wtemp6                      temp         000049


FUNCTION INFORMATION:

 *************** function _main *****************
 Defined at:
		line 14 in file "../main.c"
 Parameters:    Size  Location     Type
		None
 Auto vars:     Size  Location     Type
  i               1    1[BANK0 ] unsigned char 
  conv_data       1    0[BANK0 ] unsigned char 
 Return value:  Size  Location     Type
                  1    wreg      void 
 Registers used:
		wreg, fsr0l, fsr0h, fsr1l, fsr1h, fsr1l, fsr1h, fsr2l, fsr2h, status,2, status,0, pclath, btemp, btemp+1, btemp+2, btemp+3, btemp+4, btemp+5, btemp+6, btemp+7, btemp+8, btemp+9, btemp+10, btemp+11, tosl, structret, tblptrl, tblptrh, tblptru, prodl, prodh, bsr, cstack
 Tracked objects:
		On entry : 
		On exit  : 
		Unchanged: 
 Data sizes:     COMRAM   BANK0   BANK1   BANK2   BANK3   BANK4   BANK5   BANK6   BANK7   BANK8   BANK9  BANK10  BANK11  BANK12  BANK13  BANK14
      Params:         0       0       0       0       0       0       0       0       0       0       0       0       0       0       0       0
      Locals:         0       2       0       0       0       0       0       0       0       0       0       0       0       0       0       0
      Temps:          0       0       0       0       0       0       0       0       0       0       0       0       0       0       0       0
      Totals:         0       2       0       0       0       0       0       0       0       0       0       0       0       0       0       0
Total ram usage:        2 bytes
 Hardware stack levels required when called:    4
 This function calls:
		_adc_init
		_adc_read
		_delay_200ms
		_led2_init
		_led3_init
		_led4_init
		_led5_init
		_switch1_init
		_switch2_init
		_uart1_init
		_uart1_puts
		_uart2_init
		_uart2_puts
 This function is called by:
		Startup code after reset
 This function uses a non-reentrant model


 *************** function _uart2_puts *****************
 Defined at:
		line 9 in file "../../../uart2/src/uart2_puts.c"
 Parameters:    Size  Location     Type
  str             2   23[COMRAM] PTR const unsigned char 
		 -> STR_2(33), 
 Auto vars:     Size  Location     Type
		None
 Return value:  Size  Location     Type
                  1    wreg      void 
 Registers used:
		wreg, status,2, status,0, tblptrl, tblptrh, tblptru, cstack
 Tracked objects:
		On entry : 
		On exit  : 
		Unchanged: 
 Data sizes:     COMRAM   BANK0   BANK1   BANK2   BANK3   BANK4   BANK5   BANK6   BANK7   BANK8   BANK9  BANK10  BANK11  BANK12  BANK13  BANK14
      Params:         2       0       0       0       0       0       0       0       0       0       0       0       0       0       0       0
      Locals:         0       0       0       0       0       0       0       0       0       0       0       0       0       0       0       0
      Temps:          0       0       0       0       0       0       0       0       0       0       0       0       0       0       0       0
      Totals:         2       0       0       0       0       0       0       0       0       0       0       0       0       0       0       0
Total ram usage:        2 bytes
 Hardware stack levels used:    1
 Hardware stack levels required when called:    3
 This function calls:
		_uart2_putc
 This function is called by:
		_main
 This function uses a non-reentrant model


 *************** function _uart2_putc *****************
 Defined at:
		line 9 in file "../../../uart2/src/uart2_putc.c"
 Parameters:    Size  Location     Type
  payload         1    wreg     unsigned char 
 Auto vars:     Size  Location     Type
  payload         1   22[COMRAM] unsigned char 
 Return value:  Size  Location     Type
                  1    wreg      void 
 Registers used:
		wreg
 Tracked objects:
		On entry : 
		On exit  : 
		Unchanged: 
 Data sizes:     COMRAM   BANK0   BANK1   BANK2   BANK3   BANK4   BANK5   BANK6   BANK7   BANK8   BANK9  BANK10  BANK11  BANK12  BANK13  BANK14
      Params:         0       0       0       0       0       0       0       0       0       0       0       0       0       0       0       0
      Locals:         1       0       0       0       0       0       0       0       0       0       0       0       0       0       0       0
      Temps:          0       0       0       0       0       0       0       0       0       0       0       0       0       0       0       0
      Totals:         1       0       0       0       0       0       0       0       0       0       0       0       0       0       0       0
Total ram usage:        1 bytes
 Hardware stack levels used:    1
 Hardware stack levels required when called:    2
 This function calls:
		Nothing
 This function is called by:
		_uart2_puts
 This function uses a non-reentrant model


 *************** function _uart2_init *****************
 Defined at:
		line 12 in file "../../../uart2/src/uart2_init.c"
 Parameters:    Size  Location     Type
  bdrate          4   35[COMRAM] unsigned long 
 Auto vars:     Size  Location     Type
  bdrate_calcu    4   44[COMRAM] unsigned long 
  flush           1   43[COMRAM] unsigned char 
 Return value:  Size  Location     Type
                  1    wreg      void 
 Registers used:
		wreg, status,2, status,0, cstack
 Tracked objects:
		On entry : 
		On exit  : 
		Unchanged: 
 Data sizes:     COMRAM   BANK0   BANK1   BANK2   BANK3   BANK4   BANK5   BANK6   BANK7   BANK8   BANK9  BANK10  BANK11  BANK12  BANK13  BANK14
      Params:         4       0       0       0       0       0       0       0       0       0       0       0       0       0       0       0
      Locals:         5       0       0       0       0       0       0       0       0       0       0       0       0       0       0       0
      Temps:          4       0       0       0       0       0       0       0       0       0       0       0       0       0       0       0
      Totals:        13       0       0       0       0       0       0       0       0       0       0       0       0       0       0       0
Total ram usage:       13 bytes
 Hardware stack levels used:    1
 Hardware stack levels required when called:    3
 This function calls:
		___lldiv
 This function is called by:
		_main
 This function uses a non-reentrant model


 *************** function _uart1_puts *****************
 Defined at:
		line 9 in file "../../../uart1/src/uart1_puts.c"
 Parameters:    Size  Location     Type
  str             2   23[COMRAM] PTR const unsigned char 
		 -> STR_1(33), 
 Auto vars:     Size  Location     Type
		None
 Return value:  Size  Location     Type
                  1    wreg      void 
 Registers used:
		wreg, status,2, status,0, tblptrl, tblptrh, tblptru, cstack
 Tracked objects:
		On entry : 
		On exit  : 
		Unchanged: 
 Data sizes:     COMRAM   BANK0   BANK1   BANK2   BANK3   BANK4   BANK5   BANK6   BANK7   BANK8   BANK9  BANK10  BANK11  BANK12  BANK13  BANK14
      Params:         2       0       0       0       0       0       0       0       0       0       0       0       0       0       0       0
      Locals:         0       0       0       0       0       0       0       0       0       0       0       0       0       0       0       0
      Temps:          0       0       0       0       0       0       0       0       0       0       0       0       0       0       0       0
      Totals:         2       0       0       0       0       0       0       0       0       0       0       0       0       0       0       0
Total ram usage:        2 bytes
 Hardware stack levels used:    1
 Hardware stack levels required when called:    3
 This function calls:
		_uart1_putc
 This function is called by:
		_main
 This function uses a non-reentrant model


 *************** function _uart1_putc *****************
 Defined at:
		line 9 in file "../../../uart1/src/uart1_putc.c"
 Parameters:    Size  Location     Type
  payload         1    wreg     unsigned char 
 Auto vars:     Size  Location     Type
  payload         1   22[COMRAM] unsigned char 
 Return value:  Size  Location     Type
                  1    wreg      void 
 Registers used:
		wreg
 Tracked objects:
		On entry : 
		On exit  : 
		Unchanged: 
 Data sizes:     COMRAM   BANK0   BANK1   BANK2   BANK3   BANK4   BANK5   BANK6   BANK7   BANK8   BANK9  BANK10  BANK11  BANK12  BANK13  BANK14
      Params:         0       0       0       0       0       0       0       0       0       0       0       0       0       0       0       0
      Locals:         1       0       0       0       0       0       0       0       0       0       0       0       0       0       0       0
      Temps:          0       0       0       0       0       0       0       0       0       0       0       0       0       0       0       0
      Totals:         1       0       0       0       0       0       0       0       0       0       0       0       0       0       0       0
Total ram usage:        1 bytes
 Hardware stack levels used:    1
 Hardware stack levels required when called:    2
 This function calls:
		Nothing
 This function is called by:
		_uart1_puts
 This function uses a non-reentrant model


 *************** function _uart1_init *****************
 Defined at:
		line 12 in file "../../../uart1/src/uart1_init.c"
 Parameters:    Size  Location     Type
  bdrate          4   35[COMRAM] unsigned long 
 Auto vars:     Size  Location     Type
  bdrate_calcu    4   44[COMRAM] unsigned long 
  flush           1   43[COMRAM] unsigned char 
 Return value:  Size  Location     Type
                  1    wreg      void 
 Registers used:
		wreg, status,2, status,0, cstack
 Tracked objects:
		On entry : 
		On exit  : 
		Unchanged: 
 Data sizes:     COMRAM   BANK0   BANK1   BANK2   BANK3   BANK4   BANK5   BANK6   BANK7   BANK8   BANK9  BANK10  BANK11  BANK12  BANK13  BANK14
      Params:         4       0       0       0       0       0       0       0       0       0       0       0       0       0       0       0
      Locals:         5       0       0       0       0       0       0       0       0       0       0       0       0       0       0       0
      Temps:          4       0       0       0       0       0       0       0       0       0       0       0       0       0       0       0
      Totals:        13       0       0       0       0       0       0       0       0       0       0       0       0       0       0       0
Total ram usage:       13 bytes
 Hardware stack levels used:    1
 Hardware stack levels required when called:    3
 This function calls:
		___lldiv
 This function is called by:
		_main
 This function uses a non-reentrant model


 *************** function ___lldiv *****************
 Defined at:
		line 8 in file "/opt/microchip/xc8/v1.45/sources/common/lldiv.c"
 Parameters:    Size  Location     Type
  dividend        4   22[COMRAM] unsigned long 
  divisor         4   26[COMRAM] unsigned long 
 Auto vars:     Size  Location     Type
  quotient        4   30[COMRAM] unsigned long 
  counter         1   34[COMRAM] unsigned char 
 Return value:  Size  Location     Type
                  4   22[COMRAM] unsigned long 
 Registers used:
		wreg, status,2, status,0
 Tracked objects:
		On entry : 
		On exit  : 
		Unchanged: 
 Data sizes:     COMRAM   BANK0   BANK1   BANK2   BANK3   BANK4   BANK5   BANK6   BANK7   BANK8   BANK9  BANK10  BANK11  BANK12  BANK13  BANK14
      Params:         8       0       0       0       0       0       0       0       0       0       0       0       0       0       0       0
      Locals:         5       0       0       0       0       0       0       0       0       0       0       0       0       0       0       0
      Temps:          0       0       0       0       0       0       0       0       0       0       0       0       0       0       0       0
      Totals:        13       0       0       0       0       0       0       0       0       0       0       0       0       0       0       0
Total ram usage:       13 bytes
 Hardware stack levels used:    1
 Hardware stack levels required when called:    2
 This function calls:
		Nothing
 This function is called by:
		_uart1_init
		_uart2_init
 This function uses a non-reentrant model


 *************** function _led5_init *****************
 Defined at:
		line 24 in file "../../../gpio/src/led_init.c"
 Parameters:    Size  Location     Type
		None
 Auto vars:     Size  Location     Type
		None
 Return value:  Size  Location     Type
                  1    wreg      void 
 Registers used:
		None
 Tracked objects:
		On entry : 
		On exit  : 
		Unchanged: 
 Data sizes:     COMRAM   BANK0   BANK1   BANK2   BANK3   BANK4   BANK5   BANK6   BANK7   BANK8   BANK9  BANK10  BANK11  BANK12  BANK13  BANK14
      Params:         0       0       0       0       0       0       0       0       0       0       0       0       0       0       0       0
      Locals:         0       0       0       0       0       0       0       0       0       0       0       0       0       0       0       0
      Temps:          0       0       0       0       0       0       0       0       0       0       0       0       0       0       0       0
      Totals:         0       0       0       0       0       0       0       0       0       0       0       0       0       0       0       0
Total ram usage:        0 bytes
 Hardware stack levels used:    1
 Hardware stack levels required when called:    2
 This function calls:
		Nothing
 This function is called by:
		_main
 This function uses a non-reentrant model


 *************** function _led4_init *****************
 Defined at:
		line 19 in file "../../../gpio/src/led_init.c"
 Parameters:    Size  Location     Type
		None
 Auto vars:     Size  Location     Type
		None
 Return value:  Size  Location     Type
                  1    wreg      void 
 Registers used:
		status,2, status,0
 Tracked objects:
		On entry : 
		On exit  : 
		Unchanged: 
 Data sizes:     COMRAM   BANK0   BANK1   BANK2   BANK3   BANK4   BANK5   BANK6   BANK7   BANK8   BANK9  BANK10  BANK11  BANK12  BANK13  BANK14
      Params:         0       0       0       0       0       0       0       0       0       0       0       0       0       0       0       0
      Locals:         0       0       0       0       0       0       0       0       0       0       0       0       0       0       0       0
      Temps:          0       0       0       0       0       0       0       0       0       0       0       0       0       0       0       0
      Totals:         0       0       0       0       0       0       0       0       0       0       0       0       0       0       0       0
Total ram usage:        0 bytes
 Hardware stack levels used:    1
 Hardware stack levels required when called:    2
 This function calls:
		Nothing
 This function is called by:
		_main
 This function uses a non-reentrant model


 *************** function _led3_init *****************
 Defined at:
		line 14 in file "../../../gpio/src/led_init.c"
 Parameters:    Size  Location     Type
		None
 Auto vars:     Size  Location     Type
		None
 Return value:  Size  Location     Type
                  1    wreg      void 
 Registers used:
		status,2, status,0
 Tracked objects:
		On entry : 
		On exit  : 
		Unchanged: 
 Data sizes:     COMRAM   BANK0   BANK1   BANK2   BANK3   BANK4   BANK5   BANK6   BANK7   BANK8   BANK9  BANK10  BANK11  BANK12  BANK13  BANK14
      Params:         0       0       0       0       0       0       0       0       0       0       0       0       0       0       0       0
      Locals:         0       0       0       0       0       0       0       0       0       0       0       0       0       0       0       0
      Temps:          0       0       0       0       0       0       0       0       0       0       0       0       0       0       0       0
      Totals:         0       0       0       0       0       0       0       0       0       0       0       0       0       0       0       0
Total ram usage:        0 bytes
 Hardware stack levels used:    1
 Hardware stack levels required when called:    2
 This function calls:
		Nothing
 This function is called by:
		_main
 This function uses a non-reentrant model


 *************** function _led2_init *****************
 Defined at:
		line 9 in file "../../../gpio/src/led_init.c"
 Parameters:    Size  Location     Type
		None
 Auto vars:     Size  Location     Type
		None
 Return value:  Size  Location     Type
                  1    wreg      void 
 Registers used:
		None
 Tracked objects:
		On entry : 
		On exit  : 
		Unchanged: 
 Data sizes:     COMRAM   BANK0   BANK1   BANK2   BANK3   BANK4   BANK5   BANK6   BANK7   BANK8   BANK9  BANK10  BANK11  BANK12  BANK13  BANK14
      Params:         0       0       0       0       0       0       0       0       0       0       0       0       0       0       0       0
      Locals:         0       0       0       0       0       0       0       0       0       0       0       0       0       0       0       0
      Temps:          0       0       0       0       0       0       0       0       0       0       0       0       0       0       0       0
      Totals:         0       0       0       0       0       0       0       0       0       0       0       0       0       0       0       0
Total ram usage:        0 bytes
 Hardware stack levels used:    1
 Hardware stack levels required when called:    2
 This function calls:
		Nothing
 This function is called by:
		_main
 This function uses a non-reentrant model


 *************** function _adc_read *****************
 Defined at:
		line 9 in file "../../../adc/src/adc_read.c"
 Parameters:    Size  Location     Type
		None
 Auto vars:     Size  Location     Type
		None
 Return value:  Size  Location     Type
                  1    wreg      unsigned char 
 Registers used:
		wreg, status,2
 Tracked objects:
		On entry : 
		On exit  : 
		Unchanged: 
 Data sizes:     COMRAM   BANK0   BANK1   BANK2   BANK3   BANK4   BANK5   BANK6   BANK7   BANK8   BANK9  BANK10  BANK11  BANK12  BANK13  BANK14
      Params:         0       0       0       0       0       0       0       0       0       0       0       0       0       0       0       0
      Locals:         0       0       0       0       0       0       0       0       0       0       0       0       0       0       0       0
      Temps:          0       0       0       0       0       0       0       0       0       0       0       0       0       0       0       0
      Totals:         0       0       0       0       0       0       0       0       0       0       0       0       0       0       0       0
Total ram usage:        0 bytes
 Hardware stack levels used:    1
 Hardware stack levels required when called:    2
 This function calls:
		Nothing
 This function is called by:
		_main
 This function uses a non-reentrant model


 *************** function _adc_init *****************
 Defined at:
		line 9 in file "../../../adc/src/adc_init.c"
 Parameters:    Size  Location     Type
		None
 Auto vars:     Size  Location     Type
		None
 Return value:  Size  Location     Type
                  1    wreg      void 
 Registers used:
		wreg, status,2
 Tracked objects:
		On entry : 
		On exit  : 
		Unchanged: 
 Data sizes:     COMRAM   BANK0   BANK1   BANK2   BANK3   BANK4   BANK5   BANK6   BANK7   BANK8   BANK9  BANK10  BANK11  BANK12  BANK13  BANK14
      Params:         0       0       0       0       0       0       0       0       0       0       0       0       0       0       0       0
      Locals:         0       0       0       0       0       0       0       0       0       0       0       0       0       0       0       0
      Temps:          0       0       0       0       0       0       0       0       0       0       0       0       0       0       0       0
      Totals:         0       0       0       0       0       0       0       0       0       0       0       0       0       0       0       0
Total ram usage:        0 bytes
 Hardware stack levels used:    1
 Hardware stack levels required when called:    2
 This function calls:
		Nothing
 This function is called by:
		_main
 This function uses a non-reentrant model


 *************** function _isr_low *****************
 Defined at:
		line 8 in file "../main.c"
 Parameters:    Size  Location     Type
		None
 Auto vars:     Size  Location     Type
		None
 Return value:  Size  Location     Type
                  1    wreg      void 
 Registers used:
		wreg, fsr2l, fsr2h, status,2, status,0, prodl, prodh, cstack
 Tracked objects:
		On entry : 
		On exit  : 
		Unchanged: 
 Data sizes:     COMRAM   BANK0   BANK1   BANK2   BANK3   BANK4   BANK5   BANK6   BANK7   BANK8   BANK9  BANK10  BANK11  BANK12  BANK13  BANK14
      Params:         0       0       0       0       0       0       0       0       0       0       0       0       0       0       0       0
      Locals:         0       0       0       0       0       0       0       0       0       0       0       0       0       0       0       0
      Temps:         21       0       0       0       0       0       0       0       0       0       0       0       0       0       0       0
      Totals:        21       0       0       0       0       0       0       0       0       0       0       0       0       0       0       0
Total ram usage:       21 bytes
 Hardware stack levels used:    1
 Hardware stack levels required when called:    1
 This function calls:
		_uart1_isr_process
		_uart2_isr_process
 This function is called by:
		Interrupt level 1
 This function uses a non-reentrant model


 *************** function _uart2_isr_process *****************
 Defined at:
		line 19 in file "../../../uart2/src/uart2_getc.c"
 Parameters:    Size  Location     Type
		None
 Auto vars:     Size  Location     Type
  lost            1    0[COMRAM] unsigned char 
 Return value:  Size  Location     Type
                  1    wreg      void 
 Registers used:
		wreg, fsr2l, fsr2h, status,2, status,0, prodl, prodh
 Tracked objects:
		On entry : 
		On exit  : 
		Unchanged: 
 Data sizes:     COMRAM   BANK0   BANK1   BANK2   BANK3   BANK4   BANK5   BANK6   BANK7   BANK8   BANK9  BANK10  BANK11  BANK12  BANK13  BANK14
      Params:         0       0       0       0       0       0       0       0       0       0       0       0       0       0       0       0
      Locals:         1       0       0       0       0       0       0       0       0       0       0       0       0       0       0       0
      Temps:          0       0       0       0       0       0       0       0       0       0       0       0       0       0       0       0
      Totals:         1       0       0       0       0       0       0       0       0       0       0       0       0       0       0       0
Total ram usage:        1 bytes
 Hardware stack levels used:    1
 This function calls:
		Nothing
 This function is called by:
		_isr_low
 This function uses a non-reentrant model


 *************** function _uart1_isr_process *****************
 Defined at:
		line 19 in file "../../../uart1/src/uart1_getc.c"
 Parameters:    Size  Location     Type
		None
 Auto vars:     Size  Location     Type
  lost            1    0[COMRAM] unsigned char 
 Return value:  Size  Location     Type
                  1    wreg      void 
 Registers used:
		wreg, fsr2l, fsr2h, status,2, status,0, prodl, prodh
 Tracked objects:
		On entry : 
		On exit  : 
		Unchanged: 
 Data sizes:     COMRAM   BANK0   BANK1   BANK2   BANK3   BANK4   BANK5   BANK6   BANK7   BANK8   BANK9  BANK10  BANK11  BANK12  BANK13  BANK14
      Params:         0       0       0       0       0       0       0       0       0       0       0       0       0       0       0       0
      Locals:         1       0       0       0       0       0       0       0       0       0       0       0       0       0       0       0
      Temps:          0       0       0       0       0       0       0       0       0       0       0       0       0       0       0       0
      Totals:         1       0       0       0       0       0       0       0       0       0       0       0       0       0       0       0
Total ram usage:        1 bytes
 Hardware stack levels used:    1
 This function calls:
		Nothing
 This function is called by:
		_isr_low
 This function uses a non-reentrant model



MODULE INFORMATION

Module		Function		Class		Link	Load	Size
../main.c
		_main          		CODE           	0F44	0000	203
		_isr_low       		CODE           	0018	0000	183

../main.c estimated size: 386

../../../uart1/src/uart1_getc.c
		_uart1_isr_process		CODE           	1222	0000	71

../../../uart1/src/uart1_getc.c estimated size: 71

../../../uart2/src/uart2_puts.c
		_uart2_puts    		CODE           	12C0	0000	43

../../../uart2/src/uart2_puts.c estimated size: 43

../../../adc/src/adc_init.c
		_adc_init      		CODE           	1268	0000	47

../../../adc/src/adc_init.c estimated size: 47

../../../uart1/src/uart1_puts.c
		_uart1_puts    		CODE           	12EA	0000	43

../../../uart1/src/uart1_puts.c estimated size: 43

../../../uart2/src/uart2_init.c
		_uart2_init    		CODE           	100E	0000	167

../../../uart2/src/uart2_init.c estimated size: 167

../../../uart2/src/uart2_putc.c
		_uart2_putc    		CODE           	1350	0000	15

../../../uart2/src/uart2_putc.c estimated size: 15

shared
		__initialization		CODE           	1296	0000	25

shared estimated size: 25

../../../uart2/src/uart2_getc.c
		_uart2_isr_process		CODE           	11D8	0000	75

../../../uart2/src/uart2_getc.c estimated size: 75

../../../uart1/src/uart1_init.c
		_uart1_init    		CODE           	10B4	0000	163

../../../uart1/src/uart1_init.c estimated size: 163

/opt/microchip/xc8/v1.45/sources/common/lldiv.c
		___lldiv       		CODE           	1156	0000	131

/opt/microchip/xc8/v1.45/sources/common/lldiv.c estimated size: 131

../../../uart1/src/uart1_putc.c
		_uart1_putc    		CODE           	135E	0000	13

../../../uart1/src/uart1_putc.c estimated size: 13

../../../adc/src/adc_read.c
		_adc_read      		CODE           	136A	0000	11

../../../adc/src/adc_read.c estimated size: 11

../../../gpio/src/led_init.c
		_led2_init     		CODE           	1382	0000	5
		_led3_init     		CODE           	137E	0000	5
		_led4_init     		CODE           	137A	0000	5
		_led5_init     		CODE           	1374	0000	7

../../../gpio/src/led_init.c estimated size: 22

